(nanogpt) joy@joys-MacBook-Pro: ~/Git/nanogpt master $ python train.py config/train_shakespeare_char.py --device=mps --compile=False
Overriding config with config/train_shakespeare_char.py:
# train a miniature character-level shakespeare model
# good for debugging and playing on macbooks and such

out_dir = 'out-shakespeare-char'
eval_interval = 250 # keep frequent because we'll overfit
eval_iters = 200
log_interval = 10 # don't print too too often

# we expect to overfit on this small dataset, so only save when val improves
always_save_checkpoint = False

wandb_log = False # override via command line if you like
wandb_project = 'shakespeare-char'
wandb_run_name = 'mini-gpt'

dataset = 'shakespeare_char'
gradient_accumulation_steps = 1
batch_size = 64
block_size = 256 # context of up to 256 previous characters

# baby GPT model :)
n_layer = 6
n_head = 6
n_embd = 384
dropout = 0.2

learning_rate = 1e-3 # with baby networks can afford to go a bit higher
max_iters = 5000
lr_decay_iters = 5000 # make equal to max_iters usually
min_lr = 1e-4 # learning_rate / 10 usually
beta2 = 0.99 # make a bit bigger because number of tokens per iter is small

warmup_iters = 100 # not super necessary potentially

# on macbook also add
# device = 'cpu'  # run on cpu only
# compile = False # do not torch compile the model

Overriding: device = mps
Overriding: compile = False
tokens per iteration will be: 16,384
found vocab_size = 65 (inside data/shakespeare_char/meta.pkl)
Initializing a new model from scratch
number of parameters: 10.65M
/Users/joy/Git/nanogpt/train.py:196: FutureWarning: `torch.cuda.amp.GradScaler(args...)` is deprecated. Please use `torch.amp.GradScaler('cuda', args...)` instead.
  scaler = torch.cuda.amp.GradScaler(enabled=(dtype == 'float16'))
/Users/joy/Git/nanogpt/.venv/lib/python3.10/site-packages/torch/cuda/amp/grad_scaler.py:31: UserWarning: torch.cuda.amp.GradScaler is enabled, but CUDA is not available.  Disabling.
  super().__init__(
num decayed parameter tensors: 26, with 10,740,096 parameters
num non-decayed parameter tensors: 13, with 4,992 parameters
using fused AdamW: False
step 0: train loss 4.2874, val loss 4.2823
iter 0: loss 4.2639, time 64081.06ms, mfu -100.00%
iter 10: loss 3.1459, time 554.12ms, mfu 0.67%
iter 20: loss 2.7319, time 556.99ms, mfu 0.67%
iter 30: loss 2.6226, time 554.84ms, mfu 0.67%
iter 40: loss 2.5756, time 561.68ms, mfu 0.67%
iter 50: loss 2.5239, time 554.78ms, mfu 0.67%
iter 60: loss 2.5127, time 549.36ms, mfu 0.67%
iter 70: loss 2.4897, time 549.51ms, mfu 0.67%
iter 80: loss 2.4936, time 551.13ms, mfu 0.67%
iter 90: loss 2.4706, time 561.11ms, mfu 0.67%
iter 100: loss 2.4636, time 562.95ms, mfu 0.67%
iter 110: loss 2.4584, time 555.29ms, mfu 0.67%
iter 120: loss 2.4334, time 552.75ms, mfu 0.67%
iter 130: loss 2.4130, time 553.30ms, mfu 0.67%
iter 140: loss 2.4097, time 578.66ms, mfu 0.67%
iter 150: loss 2.4161, time 555.56ms, mfu 0.67%
iter 160: loss 2.3752, time 561.99ms, mfu 0.67%
iter 170: loss 2.3496, time 556.82ms, mfu 0.67%
iter 180: loss 2.3133, time 557.53ms, mfu 0.67%
iter 190: loss 2.2535, time 559.01ms, mfu 0.67%
iter 200: loss 2.2062, time 567.37ms, mfu 0.67%
iter 210: loss 2.1463, time 557.78ms, mfu 0.67%
iter 220: loss 2.1415, time 556.90ms, mfu 0.67%
iter 230: loss 2.0738, time 556.22ms, mfu 0.67%
iter 240: loss 2.0790, time 557.72ms, mfu 0.67%
step 250: train loss 1.9640, val loss 2.0677
saving checkpoint to out-shakespeare-char
iter 250: loss 2.0308, time 60854.22ms, mfu 0.60%
iter 260: loss 1.9756, time 554.55ms, mfu 0.61%
iter 270: loss 1.9858, time 550.73ms, mfu 0.62%
iter 280: loss 1.9841, time 550.15ms, mfu 0.62%
iter 290: loss 1.9136, time 550.41ms, mfu 0.63%
iter 300: loss 1.9039, time 551.13ms, mfu 0.63%
iter 310: loss 1.8694, time 549.08ms, mfu 0.64%
iter 320: loss 1.8492, time 549.88ms, mfu 0.64%
iter 330: loss 1.8201, time 549.48ms, mfu 0.64%
iter 340: loss 1.7846, time 549.27ms, mfu 0.65%
iter 350: loss 1.8341, time 549.41ms, mfu 0.65%
iter 360: loss 1.7677, time 549.43ms, mfu 0.65%
iter 370: loss 1.7407, time 560.38ms, mfu 0.65%
iter 380: loss 1.7304, time 549.73ms, mfu 0.66%
iter 390: loss 1.7333, time 549.69ms, mfu 0.66%
iter 400: loss 1.7653, time 549.82ms, mfu 0.66%
iter 410: loss 1.6974, time 550.48ms, mfu 0.66%
iter 420: loss 1.7170, time 553.63ms, mfu 0.66%
iter 430: loss 1.6962, time 549.46ms, mfu 0.67%
iter 440: loss 1.6614, time 550.98ms, mfu 0.67%
iter 450: loss 1.6610, time 548.95ms, mfu 0.67%
iter 460: loss 1.6036, time 554.80ms, mfu 0.67%
iter 470: loss 1.6594, time 550.31ms, mfu 0.67%
iter 480: loss 1.6225, time 551.42ms, mfu 0.67%
iter 490: loss 1.6057, time 550.50ms, mfu 0.67%
step 500: train loss 1.5298, val loss 1.7337
saving checkpoint to out-shakespeare-char
iter 500: loss 1.6015, time 61003.05ms, mfu 0.60%
iter 510: loss 1.6071, time 574.08ms, mfu 0.61%
iter 520: loss 1.5895, time 554.32ms, mfu 0.61%
iter 530: loss 1.5678, time 556.91ms, mfu 0.62%
iter 540: loss 1.6248, time 558.59ms, mfu 0.62%
iter 550: loss 1.5708, time 549.53ms, mfu 0.63%
iter 560: loss 1.5635, time 549.49ms, mfu 0.63%
iter 570: loss 1.5724, time 549.02ms, mfu 0.64%
iter 580: loss 1.5373, time 562.43ms, mfu 0.64%
iter 590: loss 1.4959, time 547.60ms, mfu 0.65%
iter 600: loss 1.5220, time 550.75ms, mfu 0.65%
iter 610: loss 1.5499, time 564.38ms, mfu 0.65%
iter 620: loss 1.5401, time 551.70ms, mfu 0.65%
iter 630: loss 1.5119, time 550.72ms, mfu 0.65%
iter 640: loss 1.4686, time 549.85ms, mfu 0.66%
iter 650: loss 1.5033, time 574.35ms, mfu 0.66%
iter 660: loss 1.5087, time 568.91ms, mfu 0.66%
iter 670: loss 1.4520, time 572.56ms, mfu 0.66%
iter 680: loss 1.5138, time 555.70ms, mfu 0.66%
iter 690: loss 1.4692, time 550.63ms, mfu 0.66%
iter 700: loss 1.4890, time 550.66ms, mfu 0.66%
iter 710: loss 1.4682, time 549.97ms, mfu 0.66%
iter 720: loss 1.4430, time 549.70ms, mfu 0.66%
iter 730: loss 1.4213, time 583.91ms, mfu 0.66%
iter 740: loss 1.4279, time 570.48ms, mfu 0.66%
step 750: train loss 1.3661, val loss 1.5927
saving checkpoint to out-shakespeare-char
iter 750: loss 1.4277, time 60017.26ms, mfu 0.60%
iter 760: loss 1.4483, time 552.65ms, mfu 0.60%
iter 770: loss 1.4247, time 607.42ms, mfu 0.60%
iter 780: loss 1.4138, time 553.04ms, mfu 0.61%
iter 790: loss 1.4190, time 552.02ms, mfu 0.62%
iter 800: loss 1.4313, time 553.62ms, mfu 0.62%
iter 810: loss 1.4108, time 557.40ms, mfu 0.63%
iter 820: loss 1.4159, time 553.74ms, mfu 0.63%
iter 830: loss 1.3996, time 550.44ms, mfu 0.64%
iter 840: loss 1.4036, time 554.90ms, mfu 0.64%
iter 850: loss 1.4002, time 559.08ms, mfu 0.64%
iter 860: loss 1.3933, time 551.12ms, mfu 0.65%
iter 870: loss 1.3966, time 569.32ms, mfu 0.65%
iter 880: loss 1.3781, time 560.33ms, mfu 0.65%
iter 890: loss 1.3862, time 614.02ms, mfu 0.64%
iter 900: loss 1.3710, time 557.64ms, mfu 0.65%
iter 910: loss 1.3200, time 554.47ms, mfu 0.65%
iter 920: loss 1.3665, time 552.39ms, mfu 0.65%
iter 930: loss 1.3580, time 550.55ms, mfu 0.65%
iter 940: loss 1.3510, time 551.02ms, mfu 0.66%
iter 950: loss 1.3477, time 550.32ms, mfu 0.66%
iter 960: loss 1.3628, time 552.87ms, mfu 0.66%
iter 970: loss 1.3555, time 555.06ms, mfu 0.66%
iter 980: loss 1.3578, time 554.02ms, mfu 0.66%
iter 990: loss 1.3403, time 556.46ms, mfu 0.66%
step 1000: train loss 1.2759, val loss 1.5268
saving checkpoint to out-shakespeare-char
iter 1000: loss 1.3375, time 59808.98ms, mfu 0.60%
iter 1010: loss 1.3339, time 551.89ms, mfu 0.61%
iter 1020: loss 1.3161, time 550.41ms, mfu 0.61%
iter 1030: loss 1.3407, time 550.59ms, mfu 0.62%
iter 1040: loss 1.3603, time 550.09ms, mfu 0.62%
iter 1050: loss 1.2955, time 553.83ms, mfu 0.63%
iter 1060: loss 1.3369, time 555.44ms, mfu 0.63%
iter 1070: loss 1.3336, time 554.44ms, mfu 0.64%
iter 1080: loss 1.3398, time 550.78ms, mfu 0.64%
iter 1090: loss 1.3549, time 550.73ms, mfu 0.64%
iter 1100: loss 1.3164, time 550.81ms, mfu 0.65%
iter 1110: loss 1.2975, time 557.83ms, mfu 0.65%
iter 1120: loss 1.2977, time 556.95ms, mfu 0.65%
iter 1130: loss 1.2969, time 550.94ms, mfu 0.65%
iter 1140: loss 1.2985, time 551.36ms, mfu 0.66%
iter 1150: loss 1.3070, time 552.62ms, mfu 0.66%
iter 1160: loss 1.3365, time 553.85ms, mfu 0.66%
iter 1170: loss 1.2970, time 553.11ms, mfu 0.66%
iter 1180: loss 1.3156, time 565.47ms, mfu 0.66%
iter 1190: loss 1.2734, time 557.87ms, mfu 0.66%
iter 1200: loss 1.2873, time 554.97ms, mfu 0.66%
iter 1210: loss 1.2645, time 566.90ms, mfu 0.66%
iter 1220: loss 1.3019, time 556.07ms, mfu 0.66%
iter 1230: loss 1.3020, time 551.42ms, mfu 0.66%
iter 1240: loss 1.2965, time 553.74ms, mfu 0.67%
step 1250: train loss 1.2040, val loss 1.5018
saving checkpoint to out-shakespeare-char
iter 1250: loss 1.2795, time 61110.74ms, mfu 0.60%
iter 1260: loss 1.2853, time 552.20ms, mfu 0.61%
iter 1270: loss 1.2681, time 552.77ms, mfu 0.61%
iter 1280: loss 1.2587, time 561.72ms, mfu 0.62%
iter 1290: loss 1.2917, time 552.71ms, mfu 0.62%
iter 1300: loss 1.3048, time 552.37ms, mfu 0.63%
iter 1310: loss 1.2361, time 552.03ms, mfu 0.63%
iter 1320: loss 1.2964, time 552.58ms, mfu 0.64%
iter 1330: loss 1.2656, time 551.71ms, mfu 0.64%
iter 1340: loss 1.3025, time 559.01ms, mfu 0.64%
iter 1350: loss 1.2577, time 553.13ms, mfu 0.65%
iter 1360: loss 1.2693, time 553.54ms, mfu 0.65%
iter 1370: loss 1.2573, time 542.13ms, mfu 0.65%
iter 1380: loss 1.2650, time 550.08ms, mfu 0.66%
iter 1390: loss 1.2554, time 570.98ms, mfu 0.66%
iter 1400: loss 1.2565, time 555.49ms, mfu 0.66%
iter 1410: loss 1.2508, time 551.40ms, mfu 0.66%
iter 1420: loss 1.2701, time 550.34ms, mfu 0.66%
iter 1430: loss 1.2449, time 551.11ms, mfu 0.66%
iter 1440: loss 1.2566, time 551.64ms, mfu 0.66%
iter 1450: loss 1.2251, time 559.38ms, mfu 0.66%
iter 1460: loss 1.2408, time 556.90ms, mfu 0.66%
iter 1470: loss 1.2221, time 552.63ms, mfu 0.67%
iter 1480: loss 1.2097, time 553.56ms, mfu 0.67%
iter 1490: loss 1.2412, time 557.95ms, mfu 0.67%
step 1500: train loss 1.1543, val loss 1.4830
saving checkpoint to out-shakespeare-char
iter 1500: loss 1.1830, time 59752.80ms, mfu 0.60%
iter 1510: loss 1.2284, time 553.59ms, mfu 0.61%
iter 1520: loss 1.2213, time 561.68ms, mfu 0.61%
iter 1530: loss 1.2494, time 559.13ms, mfu 0.62%
iter 1540: loss 1.1955, time 551.97ms, mfu 0.62%
iter 1550: loss 1.2246, time 564.33ms, mfu 0.63%
iter 1560: loss 1.2110, time 554.25ms, mfu 0.63%
iter 1570: loss 1.2399, time 551.48ms, mfu 0.64%
iter 1580: loss 1.2050, time 551.59ms, mfu 0.64%
iter 1590: loss 1.1844, time 551.84ms, mfu 0.64%
iter 1600: loss 1.1939, time 552.08ms, mfu 0.65%
iter 1610: loss 1.2391, time 557.00ms, mfu 0.65%
iter 1620: loss 1.1853, time 563.98ms, mfu 0.65%
iter 1630: loss 1.2041, time 552.55ms, mfu 0.65%
iter 1640: loss 1.2099, time 551.43ms, mfu 0.66%
iter 1650: loss 1.1770, time 551.53ms, mfu 0.66%
iter 1660: loss 1.2165, time 559.84ms, mfu 0.66%
iter 1670: loss 1.1947, time 554.02ms, mfu 0.66%
iter 1680: loss 1.1980, time 552.01ms, mfu 0.66%
iter 1690: loss 1.2042, time 556.34ms, mfu 0.66%
iter 1700: loss 1.1940, time 557.30ms, mfu 0.66%
iter 1710: loss 1.1840, time 565.87ms, mfu 0.66%
iter 1720: loss 1.1788, time 559.86ms, mfu 0.66%
iter 1730: loss 1.1927, time 557.18ms, mfu 0.66%
iter 1740: loss 1.1655, time 554.95ms, mfu 0.66%
step 1750: train loss 1.1045, val loss 1.4794
saving checkpoint to out-shakespeare-char
iter 1750: loss 1.1849, time 61194.74ms, mfu 0.60%
iter 1760: loss 1.1925, time 553.05ms, mfu 0.61%
iter 1770: loss 1.2005, time 557.41ms, mfu 0.61%
iter 1780: loss 1.1918, time 552.21ms, mfu 0.62%
iter 1790: loss 1.1868, time 556.10ms, mfu 0.62%
iter 1800: loss 1.1876, time 551.93ms, mfu 0.63%
iter 1810: loss 1.1700, time 555.44ms, mfu 0.63%
iter 1820: loss 1.1705, time 552.40ms, mfu 0.64%
iter 1830: loss 1.1638, time 551.45ms, mfu 0.64%
iter 1840: loss 1.1584, time 553.27ms, mfu 0.64%
iter 1850: loss 1.1631, time 551.71ms, mfu 0.65%
iter 1860: loss 1.1780, time 555.21ms, mfu 0.65%
iter 1870: loss 1.1444, time 559.78ms, mfu 0.65%
iter 1880: loss 1.1744, time 554.84ms, mfu 0.65%
iter 1890: loss 1.1785, time 551.99ms, mfu 0.66%
iter 1900: loss 1.1266, time 552.34ms, mfu 0.66%
iter 1910: loss 1.1678, time 556.59ms, mfu 0.66%
iter 1920: loss 1.1699, time 554.66ms, mfu 0.66%
iter 1930: loss 1.1430, time 569.99ms, mfu 0.66%
iter 1940: loss 1.1301, time 558.90ms, mfu 0.66%
iter 1950: loss 1.1422, time 552.20ms, mfu 0.66%
iter 1960: loss 1.1558, time 554.93ms, mfu 0.66%
iter 1970: loss 1.1492, time 552.60ms, mfu 0.66%
iter 1980: loss 1.1478, time 574.92ms, mfu 0.66%
iter 1990: loss 1.1507, time 551.30ms, mfu 0.66%
step 2000: train loss 1.0553, val loss 1.4855
iter 2000: loss 1.1282, time 60124.15ms, mfu 0.60%
iter 2010: loss 1.1286, time 550.97ms, mfu 0.61%
iter 2020: loss 1.1236, time 554.01ms, mfu 0.61%
iter 2030: loss 1.1506, time 561.99ms, mfu 0.62%
iter 2040: loss 1.1420, time 554.37ms, mfu 0.62%
iter 2050: loss 1.1157, time 551.05ms, mfu 0.63%
iter 2060: loss 1.1016, time 551.24ms, mfu 0.63%
iter 2070: loss 1.1268, time 553.76ms, mfu 0.64%
iter 2080: loss 1.1195, time 581.99ms, mfu 0.64%
iter 2090: loss 1.1373, time 567.18ms, mfu 0.64%
iter 2100: loss 1.1348, time 570.68ms, mfu 0.64%
iter 2110: loss 1.1328, time 607.28ms, mfu 0.64%
iter 2120: loss 1.1314, time 589.03ms, mfu 0.64%
iter 2130: loss 1.1409, time 538.28ms, mfu 0.64%
iter 2140: loss 1.1371, time 569.71ms, mfu 0.64%
iter 2150: loss 1.1149, time 552.39ms, mfu 0.65%
iter 2160: loss 1.1389, time 566.33ms, mfu 0.65%
iter 2170: loss 1.1343, time 553.42ms, mfu 0.65%
iter 2180: loss 1.1074, time 552.94ms, mfu 0.65%
iter 2190: loss 1.1058, time 580.80ms, mfu 0.65%
iter 2200: loss 1.1231, time 555.56ms, mfu 0.65%
iter 2210: loss 1.1039, time 551.99ms, mfu 0.66%
iter 2220: loss 1.1198, time 554.06ms, mfu 0.66%
iter 2230: loss 1.1214, time 551.65ms, mfu 0.66%
iter 2240: loss 1.1345, time 552.51ms, mfu 0.66%
step 2250: train loss 1.0096, val loss 1.4932
iter 2250: loss 1.1083, time 60065.69ms, mfu 0.60%
iter 2260: loss 1.1070, time 566.74ms, mfu 0.60%
iter 2270: loss 1.1310, time 555.64ms, mfu 0.61%
iter 2280: loss 1.1004, time 560.96ms, mfu 0.61%
iter 2290: loss 1.1432, time 552.51ms, mfu 0.62%
iter 2300: loss 1.1231, time 552.93ms, mfu 0.63%
iter 2310: loss 1.0948, time 570.76ms, mfu 0.63%
iter 2320: loss 1.0893, time 564.25ms, mfu 0.63%
iter 2330: loss 1.0998, time 589.45ms, mfu 0.63%
iter 2340: loss 1.1214, time 553.77ms, mfu 0.64%
iter 2350: loss 1.0981, time 567.91ms, mfu 0.64%
iter 2360: loss 1.1017, time 633.83ms, mfu 0.63%
iter 2370: loss 1.0842, time 553.88ms, mfu 0.64%
iter 2380: loss 1.0867, time 572.68ms, mfu 0.64%
iter 2390: loss 1.0773, time 551.34ms, mfu 0.64%
iter 2400: loss 1.0775, time 573.79ms, mfu 0.64%
iter 2410: loss 1.0674, time 550.84ms, mfu 0.65%
iter 2420: loss 1.0797, time 554.40ms, mfu 0.65%
iter 2430: loss 1.0501, time 556.28ms, mfu 0.65%
iter 2440: loss 1.0588, time 551.32ms, mfu 0.65%
iter 2450: loss 1.0736, time 551.17ms, mfu 0.66%
iter 2460: loss 1.0897, time 550.98ms, mfu 0.66%
iter 2470: loss 1.0865, time 550.08ms, mfu 0.66%
iter 2480: loss 1.0832, time 551.02ms, mfu 0.66%
iter 2490: loss 1.0572, time 556.20ms, mfu 0.66%
step 2500: train loss 0.9596, val loss 1.5051
iter 2500: loss 1.0812, time 59248.44ms, mfu 0.60%
iter 2510: loss 1.0700, time 550.40ms, mfu 0.60%
iter 2520: loss 1.0479, time 550.29ms, mfu 0.61%
iter 2530: loss 1.0540, time 552.82ms, mfu 0.62%
iter 2540: loss 1.0476, time 550.02ms, mfu 0.62%
iter 2550: loss 1.0712, time 551.44ms, mfu 0.63%
iter 2560: loss 1.0607, time 550.71ms, mfu 0.63%
iter 2570: loss 1.0754, time 550.50ms, mfu 0.64%
iter 2580: loss 1.0825, time 551.13ms, mfu 0.64%
iter 2590: loss 1.0586, time 550.48ms, mfu 0.65%
iter 2600: loss 1.0692, time 553.71ms, mfu 0.65%
iter 2610: loss 1.0464, time 553.68ms, mfu 0.65%
iter 2620: loss 1.0358, time 554.06ms, mfu 0.65%
iter 2630: loss 1.0246, time 550.26ms, mfu 0.66%
iter 2640: loss 1.0398, time 550.26ms, mfu 0.66%
iter 2650: loss 1.0641, time 550.63ms, mfu 0.66%
iter 2660: loss 1.0417, time 551.02ms, mfu 0.66%
iter 2670: loss 1.0149, time 552.52ms, mfu 0.66%
iter 2680: loss 1.0514, time 550.86ms, mfu 0.66%
iter 2690: loss 1.0559, time 552.26ms, mfu 0.66%
iter 2700: loss 1.0196, time 550.63ms, mfu 0.67%
iter 2710: loss 1.0433, time 550.65ms, mfu 0.67%
iter 2720: loss 1.0508, time 550.90ms, mfu 0.67%
iter 2730: loss 1.0634, time 549.64ms, mfu 0.67%
iter 2740: loss 1.0362, time 551.38ms, mfu 0.67%
step 2750: train loss 0.9133, val loss 1.5234
iter 2750: loss 1.0261, time 59383.91ms, mfu 0.60%
iter 2760: loss 1.0220, time 551.03ms, mfu 0.61%
iter 2770: loss 1.0251, time 562.16ms, mfu 0.62%
iter 2780: loss 1.0189, time 551.17ms, mfu 0.62%
iter 2790: loss 1.0327, time 550.94ms, mfu 0.63%
iter 2800: loss 1.0087, time 552.90ms, mfu 0.63%
iter 2810: loss 1.0431, time 553.87ms, mfu 0.64%
iter 2820: loss 1.0264, time 553.65ms, mfu 0.64%
iter 2830: loss 1.0300, time 549.54ms, mfu 0.64%
iter 2840: loss 0.9931, time 551.43ms, mfu 0.65%
iter 2850: loss 1.0250, time 550.01ms, mfu 0.65%
iter 2860: loss 1.0197, time 550.96ms, mfu 0.65%
iter 2870: loss 1.0071, time 552.47ms, mfu 0.65%
iter 2880: loss 1.0320, time 559.26ms, mfu 0.66%
iter 2890: loss 1.0024, time 551.79ms, mfu 0.66%
iter 2900: loss 0.9799, time 550.90ms, mfu 0.66%
iter 2910: loss 1.0340, time 550.66ms, mfu 0.66%
iter 2920: loss 1.0132, time 550.75ms, mfu 0.66%
iter 2930: loss 0.9874, time 551.32ms, mfu 0.66%
iter 2940: loss 0.9893, time 551.01ms, mfu 0.67%
iter 2950: loss 1.0162, time 551.06ms, mfu 0.67%
iter 2960: loss 0.9939, time 550.55ms, mfu 0.67%
iter 2970: loss 0.9900, time 550.46ms, mfu 0.67%
iter 2980: loss 0.9998, time 550.71ms, mfu 0.67%
iter 2990: loss 0.9813, time 550.76ms, mfu 0.67%
step 3000: train loss 0.8664, val loss 1.5347
iter 3000: loss 0.9881, time 59911.44ms, mfu 0.60%
iter 3010: loss 0.9880, time 550.41ms, mfu 0.61%
iter 3020: loss 0.9990, time 551.94ms, mfu 0.62%
iter 3030: loss 0.9958, time 550.78ms, mfu 0.62%
iter 3040: loss 1.0233, time 551.02ms, mfu 0.63%
iter 3050: loss 0.9795, time 552.68ms, mfu 0.63%
iter 3060: loss 0.9891, time 550.77ms, mfu 0.64%
iter 3070: loss 1.0083, time 553.95ms, mfu 0.64%
iter 3080: loss 0.9942, time 549.97ms, mfu 0.64%
iter 3090: loss 0.9830, time 579.59ms, mfu 0.64%
iter 3100: loss 0.9986, time 551.38ms, mfu 0.65%
iter 3110: loss 0.9670, time 550.93ms, mfu 0.65%
iter 3120: loss 0.9890, time 562.12ms, mfu 0.65%
iter 3130: loss 0.9794, time 551.39ms, mfu 0.65%
iter 3140: loss 0.9814, time 587.30ms, mfu 0.65%
iter 3150: loss 0.9946, time 550.82ms, mfu 0.65%
iter 3160: loss 1.0070, time 553.83ms, mfu 0.66%
iter 3170: loss 0.9641, time 554.49ms, mfu 0.66%
iter 3180: loss 0.9706, time 559.28ms, mfu 0.66%
iter 3190: loss 0.9968, time 551.35ms, mfu 0.66%
iter 3200: loss 0.9638, time 567.16ms, mfu 0.66%
iter 3210: loss 0.9557, time 553.06ms, mfu 0.66%
iter 3220: loss 0.9613, time 555.90ms, mfu 0.66%
iter 3230: loss 0.9523, time 591.99ms, mfu 0.66%
iter 3240: loss 0.9562, time 562.74ms, mfu 0.66%
step 3250: train loss 0.8219, val loss 1.5642
iter 3250: loss 0.9680, time 61113.40ms, mfu 0.59%
iter 3260: loss 0.9623, time 552.40ms, mfu 0.60%
iter 3270: loss 0.9694, time 555.11ms, mfu 0.61%
iter 3280: loss 0.9390, time 566.91ms, mfu 0.61%
iter 3290: loss 0.9451, time 571.65ms, mfu 0.62%
iter 3300: loss 0.9387, time 561.08ms, mfu 0.62%
iter 3310: loss 0.9505, time 556.56ms, mfu 0.63%
iter 3320: loss 0.9649, time 554.60ms, mfu 0.63%
iter 3330: loss 0.9489, time 555.67ms, mfu 0.64%
iter 3340: loss 0.9567, time 574.18ms, mfu 0.64%
iter 3350: loss 0.9552, time 577.13ms, mfu 0.64%
iter 3360: loss 0.9282, time 573.10ms, mfu 0.64%
iter 3370: loss 0.9546, time 550.64ms, mfu 0.64%
iter 3380: loss 0.9427, time 579.09ms, mfu 0.64%
iter 3390: loss 0.9493, time 558.22ms, mfu 0.65%
iter 3400: loss 0.9479, time 550.51ms, mfu 0.65%
iter 3410: loss 0.9438, time 551.02ms, mfu 0.65%
iter 3420: loss 0.9413, time 551.39ms, mfu 0.65%
iter 3430: loss 0.9474, time 553.22ms, mfu 0.66%
iter 3440: loss 0.9808, time 550.68ms, mfu 0.66%
iter 3450: loss 0.9484, time 560.33ms, mfu 0.66%
iter 3460: loss 0.9456, time 556.92ms, mfu 0.66%
iter 3470: loss 0.9408, time 552.82ms, mfu 0.66%
iter 3480: loss 0.9468, time 552.20ms, mfu 0.66%
iter 3490: loss 0.9103, time 552.38ms, mfu 0.66%
step 3500: train loss 0.7780, val loss 1.5853
iter 3500: loss 0.8998, time 60545.94ms, mfu 0.60%
iter 3510: loss 0.9167, time 559.43ms, mfu 0.60%
iter 3520: loss 0.9145, time 584.06ms, mfu 0.61%
iter 3530: loss 0.9529, time 559.87ms, mfu 0.61%
iter 3540: loss 0.9250, time 569.47ms, mfu 0.62%
iter 3550: loss 0.9246, time 567.12ms, mfu 0.62%
iter 3560: loss 0.9486, time 583.79ms, mfu 0.62%
iter 3570: loss 0.9310, time 570.02ms, mfu 0.63%
iter 3580: loss 0.9209, time 562.89ms, mfu 0.63%
iter 3590: loss 0.9182, time 583.81ms, mfu 0.63%
iter 3600: loss 0.9189, time 552.37ms, mfu 0.64%
iter 3610: loss 0.9026, time 557.82ms, mfu 0.64%
iter 3620: loss 0.9061, time 584.04ms, mfu 0.64%
iter 3630: loss 0.9213, time 567.75ms, mfu 0.64%
iter 3640: loss 0.9114, time 553.50ms, mfu 0.64%
iter 3650: loss 0.9123, time 562.76ms, mfu 0.65%
iter 3660: loss 0.9289, time 556.81ms, mfu 0.65%
iter 3670: loss 0.9360, time 551.90ms, mfu 0.65%
iter 3680: loss 0.9003, time 550.71ms, mfu 0.65%
iter 3690: loss 0.9381, time 550.55ms, mfu 0.66%
iter 3700: loss 0.8785, time 554.16ms, mfu 0.66%
iter 3710: loss 0.8792, time 735.75ms, mfu 0.64%
iter 3720: loss 0.8958, time 568.53ms, mfu 0.64%
iter 3730: loss 0.8997, time 572.88ms, mfu 0.64%
iter 3740: loss 0.9054, time 556.59ms, mfu 0.65%
step 3750: train loss 0.7368, val loss 1.6183
iter 3750: loss 0.9021, time 60755.24ms, mfu 0.58%
iter 3760: loss 0.9251, time 593.70ms, mfu 0.59%
iter 3770: loss 0.9395, time 552.88ms, mfu 0.60%
iter 3780: loss 0.9123, time 554.11ms, mfu 0.60%
iter 3790: loss 0.8925, time 568.16ms, mfu 0.61%
iter 3800: loss 0.9128, time 553.79ms, mfu 0.62%
iter 3810: loss 0.9110, time 554.58ms, mfu 0.62%
iter 3820: loss 0.8854, time 550.27ms, mfu 0.63%
iter 3830: loss 0.8966, time 601.90ms, mfu 0.63%
iter 3840: loss 0.8822, time 552.28ms, mfu 0.63%
iter 3850: loss 0.8828, time 581.16ms, mfu 0.63%
iter 3860: loss 0.8808, time 598.47ms, mfu 0.63%
iter 3870: loss 0.8886, time 577.07ms, mfu 0.63%
iter 3880: loss 0.8903, time 552.68ms, mfu 0.64%
iter 3890: loss 0.8935, time 550.96ms, mfu 0.64%
iter 3900: loss 0.8878, time 550.25ms, mfu 0.64%
iter 3910: loss 0.8816, time 550.94ms, mfu 0.65%
iter 3920: loss 0.8671, time 550.40ms, mfu 0.65%
iter 3930: loss 0.8911, time 554.49ms, mfu 0.65%
iter 3940: loss 0.8662, time 552.35ms, mfu 0.65%
iter 3950: loss 0.8783, time 551.06ms, mfu 0.66%
iter 3960: loss 0.9088, time 557.56ms, mfu 0.66%
iter 3970: loss 0.8843, time 562.52ms, mfu 0.66%
iter 3980: loss 0.9008, time 553.14ms, mfu 0.66%
iter 3990: loss 0.8789, time 553.08ms, mfu 0.66%
step 4000: train loss 0.7045, val loss 1.6444
iter 4000: loss 0.8580, time 59940.64ms, mfu 0.60%
iter 4010: loss 0.8759, time 552.83ms, mfu 0.60%
iter 4020: loss 0.8817, time 552.73ms, mfu 0.61%
iter 4030: loss 0.8721, time 552.66ms, mfu 0.62%
iter 4040: loss 0.8758, time 552.28ms, mfu 0.62%
iter 4050: loss 0.8701, time 555.58ms, mfu 0.63%
iter 4060: loss 0.8658, time 553.41ms, mfu 0.63%
iter 4070: loss 0.8524, time 556.93ms, mfu 0.64%
iter 4080: loss 0.8742, time 551.87ms, mfu 0.64%
iter 4090: loss 0.8462, time 551.60ms, mfu 0.64%
iter 4100: loss 0.9037, time 556.13ms, mfu 0.65%
iter 4110: loss 0.8640, time 551.20ms, mfu 0.65%
iter 4120: loss 0.8721, time 553.17ms, mfu 0.65%
iter 4130: loss 0.8552, time 551.65ms, mfu 0.65%
iter 4140: loss 0.8763, time 551.63ms, mfu 0.66%
iter 4150: loss 0.8637, time 608.17ms, mfu 0.65%
iter 4160: loss 0.8551, time 564.73ms, mfu 0.65%
iter 4170: loss 0.8603, time 568.14ms, mfu 0.65%
iter 4180: loss 0.8700, time 568.43ms, mfu 0.65%
iter 4190: loss 0.8653, time 560.12ms, mfu 0.65%
iter 4200: loss 0.8501, time 552.84ms, mfu 0.66%
iter 4210: loss 0.8679, time 552.76ms, mfu 0.66%
iter 4220: loss 0.8470, time 555.54ms, mfu 0.66%
iter 4230: loss 0.8722, time 580.37ms, mfu 0.66%
iter 4240: loss 0.8709, time 551.26ms, mfu 0.66%
step 4250: train loss 0.6743, val loss 1.6698
iter 4250: loss 0.8674, time 59874.05ms, mfu 0.59%
iter 4260: loss 0.8580, time 590.89ms, mfu 0.60%
iter 4270: loss 0.8644, time 551.39ms, mfu 0.61%
iter 4280: loss 0.8579, time 580.91ms, mfu 0.61%
iter 4290: loss 0.8340, time 553.86ms, mfu 0.62%
iter 4300: loss 0.8293, time 573.93ms, mfu 0.62%
iter 4310: loss 0.8450, time 561.27ms, mfu 0.62%
iter 4320: loss 0.8334, time 563.44ms, mfu 0.63%
iter 4330: loss 0.8635, time 553.09ms, mfu 0.63%
iter 4340: loss 0.8251, time 554.02ms, mfu 0.64%
iter 4350: loss 0.8365, time 554.18ms, mfu 0.64%
iter 4360: loss 0.8634, time 570.05ms, mfu 0.64%
iter 4370: loss 0.8567, time 558.30ms, mfu 0.64%
iter 4380: loss 0.8359, time 553.08ms, mfu 0.65%
iter 4390: loss 0.8612, time 564.71ms, mfu 0.65%
iter 4400: loss 0.8479, time 556.34ms, mfu 0.65%
iter 4410: loss 0.8562, time 576.80ms, mfu 0.65%
iter 4420: loss 0.8572, time 554.03ms, mfu 0.65%
iter 4430: loss 0.8468, time 552.59ms, mfu 0.65%
iter 4440: loss 0.8379, time 554.79ms, mfu 0.66%
iter 4450: loss 0.8406, time 551.95ms, mfu 0.66%
iter 4460: loss 0.8288, time 555.85ms, mfu 0.66%
iter 4470: loss 0.8431, time 555.44ms, mfu 0.66%
iter 4480: loss 0.8269, time 557.09ms, mfu 0.66%
iter 4490: loss 0.8412, time 552.76ms, mfu 0.66%
step 4500: train loss 0.6496, val loss 1.6873
iter 4500: loss 0.8562, time 59597.19ms, mfu 0.60%
iter 4510: loss 0.8540, time 551.79ms, mfu 0.60%
iter 4520: loss 0.8305, time 551.16ms, mfu 0.61%
iter 4530: loss 0.8404, time 553.55ms, mfu 0.62%
iter 4540: loss 0.8486, time 554.71ms, mfu 0.62%
iter 4550: loss 0.8729, time 551.87ms, mfu 0.63%
iter 4560: loss 0.8313, time 550.89ms, mfu 0.63%
iter 4570: loss 0.8515, time 550.69ms, mfu 0.64%
iter 4580: loss 0.8507, time 551.00ms, mfu 0.64%
iter 4590: loss 0.8546, time 550.87ms, mfu 0.64%
iter 4600: loss 0.8130, time 578.88ms, mfu 0.64%
iter 4610: loss 0.8603, time 551.02ms, mfu 0.65%
iter 4620: loss 0.8271, time 571.28ms, mfu 0.65%
iter 4630: loss 0.8319, time 551.62ms, mfu 0.65%
iter 4640: loss 0.8427, time 550.56ms, mfu 0.65%
iter 4650: loss 0.8575, time 550.83ms, mfu 0.66%
iter 4660: loss 0.8414, time 555.48ms, mfu 0.66%
iter 4670: loss 0.8383, time 561.77ms, mfu 0.66%
iter 4680: loss 0.8489, time 550.30ms, mfu 0.66%
iter 4690: loss 0.8410, time 548.49ms, mfu 0.66%
iter 4700: loss 0.8177, time 551.16ms, mfu 0.66%
iter 4710: loss 0.7891, time 571.76ms, mfu 0.66%
iter 4720: loss 0.8309, time 557.57ms, mfu 0.66%
iter 4730: loss 0.8157, time 553.65ms, mfu 0.66%
iter 4740: loss 0.8275, time 556.22ms, mfu 0.66%
step 4750: train loss 0.6327, val loss 1.7004
iter 4750: loss 0.7980, time 60506.04ms, mfu 0.60%
iter 4760: loss 0.8193, time 571.77ms, mfu 0.60%
iter 4770: loss 0.7935, time 624.37ms, mfu 0.60%
iter 4780: loss 0.8026, time 611.92ms, mfu 0.60%
iter 4790: loss 0.8359, time 585.08ms, mfu 0.61%
iter 4800: loss 0.8144, time 553.82ms, mfu 0.61%
iter 4810: loss 0.8413, time 560.76ms, mfu 0.62%
iter 4820: loss 0.8171, time 554.46ms, mfu 0.62%
iter 4830: loss 0.8189, time 569.43ms, mfu 0.63%
iter 4840: loss 0.8244, time 552.43ms, mfu 0.63%
iter 4850: loss 0.8167, time 553.35ms, mfu 0.64%
iter 4860: loss 0.8123, time 551.98ms, mfu 0.64%
iter 4870: loss 0.8061, time 553.16ms, mfu 0.64%
iter 4880: loss 0.8305, time 558.10ms, mfu 0.65%
iter 4890: loss 0.8093, time 588.36ms, mfu 0.64%
iter 4900: loss 0.7943, time 558.60ms, mfu 0.65%
iter 4910: loss 0.8294, time 553.56ms, mfu 0.65%
iter 4920: loss 0.8156, time 552.99ms, mfu 0.65%
iter 4930: loss 0.8030, time 553.00ms, mfu 0.65%
iter 4940: loss 0.8014, time 583.77ms, mfu 0.65%
iter 4950: loss 0.8292, time 553.07ms, mfu 0.65%
iter 4960: loss 0.8165, time 553.25ms, mfu 0.66%
iter 4970: loss 0.7877, time 552.83ms, mfu 0.66%
iter 4980: loss 0.7897, time 564.08ms, mfu 0.66%
iter 4990: loss 0.8233, time 567.31ms, mfu 0.66%
step 5000: train loss 0.6181, val loss 1.7159
iter 5000: loss 0.8124, time 60173.54ms, mfu 0.59%
