(nanogpt) joy@joys-MacBook-Pro: ~/Git/nanogpt master ⚡ $ python train.py config/train_gpt2.py \                         [17:47:08]
    --device=mps \
    --compile=False \
    --batch_size=4 \
    --block_size=256 \
    --max_iters=50 \
    --eval_interval=10 \
    --eval_iters=5 \
    --log_interval=1
Overriding config with config/train_gpt2.py:
# config for training GPT-2 (124M) down to very nice loss of ~2.85 on 1 node of 8X A100 40GB
# launch as the following (e.g. in a screen session) and wait ~5 days:
# $ torchrun --standalone --nproc_per_node=8 train.py config/train_gpt2.py

wandb_log = True
wandb_project = 'owt'
wandb_run_name='gpt2-124M'

# these make the total batch size be ~0.5M
# 12 batch size * 1024 block size * 5 gradaccum * 8 GPUs = 491,520
batch_size = 12
block_size = 1024
gradient_accumulation_steps = 5 * 8

# this makes total number of tokens be 300B
max_iters = 600000
lr_decay_iters = 600000

# eval stuff
eval_interval = 1000
eval_iters = 200
log_interval = 10

# weight decay
weight_decay = 1e-1

Overriding: device = mps
Overriding: compile = False
Overriding: batch_size = 4
Overriding: block_size = 256
Overriding: max_iters = 50
Overriding: eval_interval = 10
Overriding: eval_iters = 5
Overriding: log_interval = 1
tokens per iteration will be: 40,960
Initializing a new model from scratch
defaulting to vocab_size of GPT-2 to 50304 (50257 rounded up for efficiency)
number of parameters: 123.59M
/Users/joy/Git/nanogpt/train.py:196: FutureWarning: `torch.cuda.amp.GradScaler(args...)` is deprecated. Please use `torch.amp.GradScaler('cuda', args...)` instead.
  scaler = torch.cuda.amp.GradScaler(enabled=(dtype == 'float16'))
/Users/joy/Git/nanogpt/.venv/lib/python3.10/site-packages/torch/cuda/amp/grad_scaler.py:31: UserWarning: torch.cuda.amp.GradScaler is enabled, but CUDA is not available.  Disabling.
  super().__init__(
num decayed parameter tensors: 50, with 123,764,736 parameters
num non-decayed parameter tensors: 25, with 19,200 parameters
using fused AdamW: False
wandb: (1) Create a W&B account
wandb: (2) Use an existing W&B account
wandb: (3) Don't visualize my results
wandb: Enter your choice: 3
wandb: You chose "Don't visualize my results"
wandb: Using W&B in offline mode.
wandb: W&B API key is configured. Use `wandb login --relogin` to force relogin
wandb: Tracking run with wandb version 0.27.0
wandb: W&B syncing is set to `offline` in this directory. Run `wandb online` or set WANDB_MODE=online to enable cloud syncing.
wandb: Run data is saved locally in /Users/joy/Git/nanogpt/wandb/offline-run-20260530_180946-pfelualc
step 0: train loss 10.9451, val loss 10.9577
iter 0: loss 10.9589, time 13977.58ms, mfu -100.00%
iter 1: loss 10.9274, time 10165.37ms, mfu -100.00%
iter 2: loss 10.8993, time 10382.51ms, mfu -100.00%
iter 3: loss 10.8138, time 10495.66ms, mfu -100.00%
iter 4: loss 10.8081, time 10300.20ms, mfu -100.00%
iter 5: loss 10.6458, time 10359.58ms, mfu 0.98%
iter 6: loss 10.6614, time 10319.78ms, mfu 0.98%
iter 7: loss 10.5104, time 10321.09ms, mfu 0.98%
iter 8: loss 10.5212, time 10312.43ms, mfu 0.98%
iter 9: loss 10.3652, time 10351.54ms, mfu 0.98%
step 10: train loss 10.2507, val loss 10.3173
saving checkpoint to out
iter 10: loss 10.2931, time 12892.52ms, mfu 0.96%
iter 11: loss 10.1545, time 10364.13ms, mfu 0.96%
iter 12: loss 9.9708, time 10432.18ms, mfu 0.96%
iter 13: loss 10.1960, time 10404.63ms, mfu 0.96%
iter 14: loss 10.1144, time 10393.02ms, mfu 0.96%
iter 15: loss 10.1358, time 10408.50ms, mfu 0.96%
iter 16: loss 10.0004, time 10609.10ms, mfu 0.96%
iter 17: loss 9.8461, time 10970.14ms, mfu 0.96%
iter 18: loss 9.7132, time 10780.58ms, mfu 0.96%
iter 19: loss 9.8540, time 10395.72ms, mfu 0.96%
step 20: train loss 9.7763, val loss 9.7211
saving checkpoint to out
iter 20: loss 9.5904, time 12402.84ms, mfu 0.94%
iter 21: loss 9.7607, time 10553.68ms, mfu 0.94%
iter 22: loss 9.6871, time 10367.64ms, mfu 0.95%
iter 23: loss 9.6024, time 10344.30ms, mfu 0.95%
iter 24: loss 9.5908, time 10359.50ms, mfu 0.95%
iter 25: loss 9.6617, time 10350.89ms, mfu 0.96%
iter 26: loss 9.5955, time 10366.73ms, mfu 0.96%
iter 27: loss 9.5991, time 10485.76ms, mfu 0.96%
iter 28: loss 9.7079, time 10698.52ms, mfu 0.96%
iter 29: loss 9.7614, time 10405.90ms, mfu 0.96%
step 30: train loss 9.5870, val loss 9.5182
saving checkpoint to out
iter 30: loss 9.5363, time 12457.73ms, mfu 0.94%
iter 31: loss 9.6240, time 10723.24ms, mfu 0.94%
iter 32: loss 9.6314, time 11057.57ms, mfu 0.94%
iter 33: loss 9.6042, time 10617.64ms, mfu 0.94%
iter 34: loss 9.2914, time 11081.82ms, mfu 0.94%
iter 35: loss 9.5497, time 10818.92ms, mfu 0.94%
iter 36: loss 9.2922, time 10607.16ms, mfu 0.94%
iter 37: loss 9.4302, time 10732.62ms, mfu 0.94%
iter 38: loss 9.5244, time 10420.10ms, mfu 0.94%
iter 39: loss 9.3458, time 10458.45ms, mfu 0.95%
step 40: train loss 9.2571, val loss 9.2947
saving checkpoint to out
iter 40: loss 9.3836, time 12573.93ms, mfu 0.93%
iter 41: loss 9.2438, time 10381.64ms, mfu 0.94%
iter 42: loss 9.3255, time 10365.02ms, mfu 0.94%
iter 43: loss 9.2110, time 10432.65ms, mfu 0.94%
iter 44: loss 9.3501, time 10347.66ms, mfu 0.95%
iter 45: loss 9.1264, time 10373.99ms, mfu 0.95%
iter 46: loss 9.1817, time 10931.88ms, mfu 0.95%
iter 47: loss 9.1739, time 11053.23ms, mfu 0.94%
iter 48: loss 9.3481, time 10411.96ms, mfu 0.95%
iter 49: loss 8.9735, time 10487.31ms, mfu 0.95%
step 50: train loss 9.1309, val loss 9.0697
saving checkpoint to out
iter 50: loss 8.9996, time 12559.77ms, mfu 0.93%
wandb:
wandb: You can sync this run to the cloud by running:
wandb: wandb sync /Users/joy/Git/nanogpt/wandb/offline-run-20260530_180946-pfelualc
wandb: Find logs at: wandb/offline-run-20260530_180946-pfelualc/logs
